[19-Nov-2025 17:41:09 Europe/Berlin] PHP Fatal error:  Uncaught Error: Call to a member function bind_param() on bool in C:\xampp\htdocs\JOBSO\functions.php:9
Stack trace:
#0 C:\xampp\htdocs\JOBSO\api\me.php(4): current_user()
#1 {main}
  thrown in C:\xampp\htdocs\JOBSO\functions.php on line 9
[19-Nov-2025 17:41:17 Europe/Berlin] PHP Fatal error:  Uncaught Error: Call to a member function bind_param() on bool in C:\xampp\htdocs\JOBSO\functions.php:9
Stack trace:
#0 C:\xampp\htdocs\JOBSO\api\me.php(4): current_user()
#1 {main}
  thrown in C:\xampp\htdocs\JOBSO\functions.php on line 9
[19-Nov-2025 17:41:48 Europe/Berlin] PHP Fatal error:  Uncaught Error: Call to a member function bind_param() on bool in C:\xampp\htdocs\JOBSO\api\register.php:25
Stack trace:
#0 {main}
  thrown in C:\xampp\htdocs\JOBSO\api\register.php on line 25
[19-Nov-2025 17:43:22 Europe/Berlin] PHP Fatal error:  Uncaught Error: Call to a member function bind_param() on bool in C:\xampp\htdocs\JOBSO\functions.php:9
Stack trace:
#0 C:\xampp\htdocs\JOBSO\api\me.php(4): current_user()
#1 {main}
  thrown in C:\xampp\htdocs\JOBSO\functions.php on line 9
[19-Nov-2025 17:43:25 Europe/Berlin] PHP Fatal error:  Uncaught Error: Call to a member function bind_param() on bool in C:\xampp\htdocs\JOBSO\functions.php:9
Stack trace:
#0 C:\xampp\htdocs\JOBSO\api\me.php(4): current_user()
#1 {main}
  thrown in C:\xampp\htdocs\JOBSO\functions.php on line 9
[19-Nov-2025 17:45:48 Europe/Berlin] PHP Fatal error:  Uncaught Error: Call to a member function bind_param() on bool in C:\xampp\htdocs\JOBSO\functions.php:9
Stack trace:
#0 C:\xampp\htdocs\JOBSO\api\me.php(4): current_user()
#1 {main}
  thrown in C:\xampp\htdocs\JOBSO\functions.php on line 9
[19-Nov-2025 17:45:51 Europe/Berlin] PHP Fatal error:  Uncaught Error: Call to a member function bind_param() on bool in C:\xampp\htdocs\JOBSO\functions.php:9
Stack trace:
#0 C:\xampp\htdocs\JOBSO\api\me.php(4): current_user()
#1 {main}
  thrown in C:\xampp\htdocs\JOBSO\functions.php on line 9
[19-Nov-2025 17:52:01 Europe/Berlin] PHP Fatal error:  Uncaught Error: Call to a member function bind_param() on bool in C:\xampp\htdocs\JOBSO\functions.php:9
Stack trace:
#0 C:\xampp\htdocs\JOBSO\api\me.php(4): current_user()
#1 {main}
  thrown in C:\xampp\htdocs\JOBSO\functions.php on line 9
[19-Nov-2025 17:57:03 Europe/Berlin] current_user prepare failed: Unknown column 'role' in 'field list'
[19-Nov-2025 17:57:05 Europe/Berlin] current_user prepare failed: Unknown column 'role' in 'field list'
[19-Nov-2025 17:57:35 Europe/Berlin] current_user prepare failed: Unknown column 'role' in 'field list'
[19-Nov-2025 17:58:12 Europe/Berlin] current_user prepare failed: Unknown column 'role' in 'field list'
[19-Nov-2025 17:58:14 Europe/Berlin] current_user prepare failed: Unknown column 'role' in 'field list'
[19-Nov-2025 18:00:31 Europe/Berlin] current_user prepare failed: Unknown column 'role' in 'field list'
[19-Nov-2025 18:00:47 Europe/Berlin] current_user prepare failed: Unknown column 'role' in 'field list'
[19-Nov-2025 18:00:54 Europe/Berlin] current_user prepare failed: Unknown column 'role' in 'field list'
[19-Nov-2025 18:02:20 Europe/Berlin] current_user prepare failed: Unknown column 'role' in 'field list'
[19-Nov-2025 18:02:36 Europe/Berlin] current_user prepare failed: Unknown column 'role' in 'field list'
[19-Nov-2025 18:03:02 Europe/Berlin] current_user prepare failed: Unknown column 'role' in 'field list'
[19-Nov-2025 18:03:08 Europe/Berlin] current_user prepare failed: Unknown column 'role' in 'field list'
[19-Nov-2025 18:03:46 Europe/Berlin] current_user prepare failed: Unknown column 'role' in 'field list'
[19-Nov-2025 18:04:46 Europe/Berlin] current_user prepare failed: Unknown column 'role' in 'field list'
[19-Nov-2025 18:05:10 Europe/Berlin] current_user prepare failed: Unknown column 'role' in 'field list'
[19-Nov-2025 18:05:13 Europe/Berlin] current_user prepare failed: Unknown column 'role' in 'field list'
[19-Nov-2025 18:06:24 Europe/Berlin] current_user prepare failed: Unknown column 'role' in 'field list'
[19-Nov-2025 18:09:24 Europe/Berlin] current_user prepare failed: Unknown column 'role' in 'field list'
[19-Nov-2025 18:09:26 Europe/Berlin] current_user prepare failed: Unknown column 'role' in 'field list'
[19-Nov-2025 18:09:43 Europe/Berlin] current_user prepare failed: Unknown column 'role' in 'field list'
[19-Nov-2025 18:12:52 Europe/Berlin] current_user prepare failed: Unknown column 'role' in 'field list'
[19-Nov-2025 18:12:53 Europe/Berlin] current_user prepare failed: Unknown column 'role' in 'field list'
[19-Nov-2025 18:12:56 Europe/Berlin] current_user prepare failed: Unknown column 'role' in 'field list'
[19-Nov-2025 18:17:14 Europe/Berlin] current_user prepare failed: Unknown column 'role' in 'field list'
[19-Nov-2025 18:22:19 Europe/Berlin] current_user prepare failed: Unknown column 'role' in 'field list'
[19-Nov-2025 18:24:08 Europe/Berlin] current_user prepare failed: Unknown column 'role' in 'field list'
[19-Nov-2025 18:24:57 Europe/Berlin] current_user prepare failed: Unknown column 'role' in 'field list'
[19-Nov-2025 18:25:10 Europe/Berlin] current_user prepare failed: Unknown column 'role' in 'field list'
[19-Nov-2025 18:26:23 Europe/Berlin] current_user prepare failed: Unknown column 'role' in 'field list'
[19-Nov-2025 18:26:24 Europe/Berlin] current_user prepare failed: Unknown column 'role' in 'field list'
[19-Nov-2025 18:27:25 Europe/Berlin] current_user prepare failed: Unknown column 'role' in 'field list'
[19-Nov-2025 18:27:32 Europe/Berlin] current_user prepare failed: Unknown column 'role' in 'field list'
[19-Nov-2025 18:27:41 Europe/Berlin] current_user prepare failed: Unknown column 'role' in 'field list'
[19-Nov-2025 18:27:44 Europe/Berlin] current_user prepare failed: Unknown column 'role' in 'field list'
[19-Nov-2025 18:34:15 Europe/Berlin] current_user prepare failed: Unknown column 'role' in 'field list'
[19-Nov-2025 18:35:06 Europe/Berlin] current_user prepare failed: Unknown column 'role' in 'field list'
[19-Nov-2025 18:35:37 Europe/Berlin] current_user prepare failed: Unknown column 'role' in 'field list'
[19-Nov-2025 18:37:59 Europe/Berlin] current_user prepare failed: Unknown column 'role' in 'field list'
[19-Nov-2025 18:38:01 Europe/Berlin] current_user prepare failed: Unknown column 'role' in 'field list'
[19-Nov-2025 18:38:03 Europe/Berlin] current_user prepare failed: Unknown column 'role' in 'field list'
[19-Nov-2025 18:38:04 Europe/Berlin] current_user prepare failed: Unknown column 'role' in 'field list'
[19-Nov-2025 18:38:06 Europe/Berlin] current_user prepare failed: Unknown column 'role' in 'field list'
[19-Nov-2025 18:38:12 Europe/Berlin] current_user prepare failed: Unknown column 'role' in 'field list'
[19-Nov-2025 18:38:37 Europe/Berlin] current_user prepare failed: Unknown column 'role' in 'field list'
[19-Nov-2025 18:38:39 Europe/Berlin] current_user prepare failed: Unknown column 'role' in 'field list'
[19-Nov-2025 18:38:40 Europe/Berlin] current_user prepare failed: Unknown column 'role' in 'field list'
[19-Nov-2025 18:38:41 Europe/Berlin] current_user prepare failed: Unknown column 'role' in 'field list'
[19-Nov-2025 18:38:43 Europe/Berlin] current_user prepare failed: Unknown column 'role' in 'field list'
[19-Nov-2025 18:42:04 Europe/Berlin] current_user prepare failed: Unknown column 'role' in 'field list'
[19-Nov-2025 18:42:08 Europe/Berlin] current_user prepare failed: Unknown column 'role' in 'field list'
[19-Nov-2025 18:42:09 Europe/Berlin] current_user prepare failed: Unknown column 'role' in 'field list'
[19-Nov-2025 18:42:10 Europe/Berlin] current_user prepare failed: Unknown column 'role' in 'field list'
[19-Nov-2025 18:42:12 Europe/Berlin] current_user prepare failed: Unknown column 'role' in 'field list'
[19-Nov-2025 18:45:11 Europe/Berlin] current_user prepare failed: Unknown column 'role' in 'field list'
[19-Nov-2025 18:45:12 Europe/Berlin] current_user prepare failed: Unknown column 'role' in 'field list'
[19-Nov-2025 18:45:14 Europe/Berlin] current_user prepare failed: Unknown column 'role' in 'field list'
[19-Nov-2025 18:45:16 Europe/Berlin] current_user prepare failed: Unknown column 'role' in 'field list'
[19-Nov-2025 18:45:34 Europe/Berlin] current_user prepare failed: Unknown column 'role' in 'field list'
[19-Nov-2025 18:46:31 Europe/Berlin] current_user prepare failed: Unknown column 'role' in 'field list'
[19-Nov-2025 18:46:33 Europe/Berlin] current_user prepare failed: Unknown column 'role' in 'field list'
[19-Nov-2025 18:46:35 Europe/Berlin] current_user prepare failed: Unknown column 'role' in 'field list'
[19-Nov-2025 18:54:18 Europe/Berlin] current_user prepare failed: Unknown column 'role' in 'field list'
[19-Nov-2025 18:54:31 Europe/Berlin] current_user prepare failed: Unknown column 'role' in 'field list'
[19-Nov-2025 18:54:33 Europe/Berlin] current_user prepare failed: Unknown column 'role' in 'field list'
[19-Nov-2025 18:54:37 Europe/Berlin] current_user prepare failed: Unknown column 'role' in 'field list'
[19-Nov-2025 18:54:39 Europe/Berlin] current_user prepare failed: Unknown column 'role' in 'field list'
[19-Nov-2025 18:54:40 Europe/Berlin] current_user prepare failed: Unknown column 'role' in 'field list'
[19-Nov-2025 18:55:53 Europe/Berlin] current_user prepare failed: Unknown column 'role' in 'field list'
[19-Nov-2025 18:56:06 Europe/Berlin] current_user prepare failed: Unknown column 'role' in 'field list'
[19-Nov-2025 18:58:41 Europe/Berlin] current_user prepare failed: Unknown column 'role' in 'field list'
[19-Nov-2025 19:02:39 Europe/Berlin] current_user prepare failed: Unknown column 'role' in 'field list'
[19-Nov-2025 19:02:40 Europe/Berlin] PHP Fatal error:  Uncaught Error: Call to a member function bind_param() on bool in C:\xampp\htdocs\JOBSO\api\save_job.php:11
Stack trace:
#0 {main}
  thrown in C:\xampp\htdocs\JOBSO\api\save_job.php on line 11
[19-Nov-2025 19:02:43 Europe/Berlin] current_user prepare failed: Unknown column 'role' in 'field list'
[19-Nov-2025 19:02:43 Europe/Berlin] PHP Fatal error:  Uncaught Error: Call to a member function bind_param() on bool in C:\xampp\htdocs\JOBSO\api\save_job.php:11
Stack trace:
#0 {main}
  thrown in C:\xampp\htdocs\JOBSO\api\save_job.php on line 11
[19-Nov-2025 19:02:44 Europe/Berlin] current_user prepare failed: Unknown column 'role' in 'field list'
[19-Nov-2025 19:02:44 Europe/Berlin] PHP Fatal error:  Uncaught Error: Call to a member function bind_param() on bool in C:\xampp\htdocs\JOBSO\api\save_job.php:11
Stack trace:
#0 {main}
  thrown in C:\xampp\htdocs\JOBSO\api\save_job.php on line 11
[19-Nov-2025 19:06:19 Europe/Berlin] current_user prepare failed: Unknown column 'role' in 'field list'
[19-Nov-2025 19:06:19 Europe/Berlin] PHP Fatal error:  Uncaught Error: Call to a member function bind_param() on bool in C:\xampp\htdocs\JOBSO\api\save_job.php:11
Stack trace:
#0 {main}
  thrown in C:\xampp\htdocs\JOBSO\api\save_job.php on line 11
[19-Nov-2025 19:06:22 Europe/Berlin] current_user prepare failed: Unknown column 'role' in 'field list'
[19-Nov-2025 19:06:22 Europe/Berlin] PHP Fatal error:  Uncaught Error: Call to a member function bind_param() on bool in C:\xampp\htdocs\JOBSO\api\save_job.php:11
Stack trace:
#0 {main}
  thrown in C:\xampp\htdocs\JOBSO\api\save_job.php on line 11
[19-Nov-2025 19:14:59 Europe/Berlin] current_user prepare failed: Unknown column 'role' in 'field list'
[19-Nov-2025 19:14:59 Europe/Berlin] PHP Fatal error:  Uncaught Error: Call to a member function bind_param() on bool in C:\xampp\htdocs\JOBSO\api\save_job.php:11
Stack trace:
#0 {main}
  thrown in C:\xampp\htdocs\JOBSO\api\save_job.php on line 11
[19-Nov-2025 19:14:59 Europe/Berlin] PHP Fatal error:  Uncaught Error: Call to a member function bind_param() on bool in C:\xampp\htdocs\JOBSO\api\save_job.php:11
Stack trace:
#0 {main}
  thrown in C:\xampp\htdocs\JOBSO\api\save_job.php on line 11
[19-Nov-2025 19:15:01 Europe/Berlin] current_user prepare failed: Unknown column 'role' in 'field list'
[19-Nov-2025 19:15:01 Europe/Berlin] PHP Fatal error:  Uncaught Error: Call to a member function bind_param() on bool in C:\xampp\htdocs\JOBSO\api\save_job.php:11
Stack trace:
#0 {main}
  thrown in C:\xampp\htdocs\JOBSO\api\save_job.php on line 11
[19-Nov-2025 19:15:01 Europe/Berlin] PHP Fatal error:  Uncaught Error: Call to a member function bind_param() on bool in C:\xampp\htdocs\JOBSO\api\save_job.php:11
Stack trace:
#0 {main}
  thrown in C:\xampp\htdocs\JOBSO\api\save_job.php on line 11
[19-Nov-2025 19:18:47 Europe/Berlin] current_user prepare failed: Unknown column 'role' in 'field list'
[19-Nov-2025 19:18:47 Europe/Berlin] PHP Fatal error:  Uncaught Error: Call to a member function bind_param() on bool in C:\xampp\htdocs\JOBSO\api\save_job.php:11
Stack trace:
#0 {main}
  thrown in C:\xampp\htdocs\JOBSO\api\save_job.php on line 11
[19-Nov-2025 19:35:57 Europe/Berlin] current_user prepare failed: Unknown column 'role' in 'field list'
[19-Nov-2025 19:35:58 Europe/Berlin] PHP Fatal error:  Uncaught Error: Call to a member function bind_param() on bool in C:\xampp\htdocs\JOBSO\api\save_job.php:11
Stack trace:
#0 {main}
  thrown in C:\xampp\htdocs\JOBSO\api\save_job.php on line 11
[19-Nov-2025 19:49:43 Europe/Berlin] current_user prepare failed: Unknown column 'role' in 'field list'
[19-Nov-2025 19:49:43 Europe/Berlin] PHP Fatal error:  Uncaught Error: Call to a member function bind_param() on bool in C:\xampp\htdocs\JOBSO\api\save_job.php:11
Stack trace:
#0 {main}
  thrown in C:\xampp\htdocs\JOBSO\api\save_job.php on line 11
[19-Nov-2025 19:49:43 Europe/Berlin] PHP Fatal error:  Uncaught Error: Call to a member function bind_param() on bool in C:\xampp\htdocs\JOBSO\api\save_job.php:11
Stack trace:
#0 {main}
  thrown in C:\xampp\htdocs\JOBSO\api\save_job.php on line 11
[19-Nov-2025 19:51:17 Europe/Berlin] current_user prepare failed: Unknown column 'role' in 'field list'
[19-Nov-2025 19:51:17 Europe/Berlin] PHP Fatal error:  Uncaught Error: Call to a member function bind_param() on bool in C:\xampp\htdocs\JOBSO\api\save_job.php:11
Stack trace:
#0 {main}
  thrown in C:\xampp\htdocs\JOBSO\api\save_job.php on line 11
[19-Nov-2025 19:51:17 Europe/Berlin] PHP Fatal error:  Uncaught Error: Call to a member function bind_param() on bool in C:\xampp\htdocs\JOBSO\api\save_job.php:11
Stack trace:
#0 {main}
  thrown in C:\xampp\htdocs\JOBSO\api\save_job.php on line 11
[19-Nov-2025 19:51:18 Europe/Berlin] current_user prepare failed: Unknown column 'role' in 'field list'
[19-Nov-2025 19:51:18 Europe/Berlin] PHP Fatal error:  Uncaught Error: Call to a member function bind_param() on bool in C:\xampp\htdocs\JOBSO\api\save_job.php:11
Stack trace:
#0 {main}
  thrown in C:\xampp\htdocs\JOBSO\api\save_job.php on line 11
[19-Nov-2025 19:51:18 Europe/Berlin] PHP Fatal error:  Uncaught Error: Call to a member function bind_param() on bool in C:\xampp\htdocs\JOBSO\api\save_job.php:11
Stack trace:
#0 {main}
  thrown in C:\xampp\htdocs\JOBSO\api\save_job.php on line 11
[19-Nov-2025 19:52:21 Europe/Berlin] current_user prepare failed: Unknown column 'role' in 'field list'
[19-Nov-2025 19:52:21 Europe/Berlin] PHP Fatal error:  Uncaught Error: Call to a member function bind_param() on bool in C:\xampp\htdocs\JOBSO\api\save_job.php:11
Stack trace:
#0 {main}
  thrown in C:\xampp\htdocs\JOBSO\api\save_job.php on line 11
[19-Nov-2025 19:52:21 Europe/Berlin] PHP Fatal error:  Uncaught Error: Call to a member function bind_param() on bool in C:\xampp\htdocs\JOBSO\api\save_job.php:11
Stack trace:
#0 {main}
  thrown in C:\xampp\htdocs\JOBSO\api\save_job.php on line 11
[19-Nov-2025 19:55:08 Europe/Berlin] PHP Fatal error:  Uncaught Error: Call to a member function bind_param() on bool in C:\xampp\htdocs\JOBSO\api\save_job.php:11
Stack trace:
#0 {main}
  thrown in C:\xampp\htdocs\JOBSO\api\save_job.php on line 11
[19-Nov-2025 19:55:08 Europe/Berlin] current_user prepare failed: Unknown column 'role' in 'field list'
[19-Nov-2025 19:55:08 Europe/Berlin] PHP Fatal error:  Uncaught Error: Call to a member function bind_param() on bool in C:\xampp\htdocs\JOBSO\api\save_job.php:11
Stack trace:
#0 {main}
  thrown in C:\xampp\htdocs\JOBSO\api\save_job.php on line 11
[19-Nov-2025 19:55:39 Europe/Berlin] current_user prepare failed: Unknown column 'role' in 'field list'
[19-Nov-2025 19:55:39 Europe/Berlin] current_user prepare failed: Unknown column 'role' in 'field list'
[19-Nov-2025 19:55:44 Europe/Berlin] current_user prepare failed: Unknown column 'role' in 'field list'
[19-Nov-2025 19:55:44 Europe/Berlin] PHP Fatal error:  Uncaught Error: Call to a member function bind_param() on bool in C:\xampp\htdocs\JOBSO\api\save_job.php:11
Stack trace:
#0 {main}
  thrown in C:\xampp\htdocs\JOBSO\api\save_job.php on line 11
[19-Nov-2025 19:55:44 Europe/Berlin] PHP Fatal error:  Uncaught Error: Call to a member function bind_param() on bool in C:\xampp\htdocs\JOBSO\api\save_job.php:11
Stack trace:
#0 {main}
  thrown in C:\xampp\htdocs\JOBSO\api\save_job.php on line 11
[19-Nov-2025 19:55:51 Europe/Berlin] current_user prepare failed: Unknown column 'role' in 'field list'
[19-Nov-2025 19:55:52 Europe/Berlin] current_user prepare failed: Unknown column 'role' in 'field list'
[19-Nov-2025 19:55:55 Europe/Berlin] current_user prepare failed: Unknown column 'role' in 'field list'
[19-Nov-2025 19:55:55 Europe/Berlin] PHP Fatal error:  Uncaught Error: Call to a member function bind_param() on bool in C:\xampp\htdocs\JOBSO\api\save_job.php:11
Stack trace:
#0 {main}
  thrown in C:\xampp\htdocs\JOBSO\api\save_job.php on line 11
[19-Nov-2025 19:55:55 Europe/Berlin] PHP Fatal error:  Uncaught Error: Call to a member function bind_param() on bool in C:\xampp\htdocs\JOBSO\api\save_job.php:11
Stack trace:
#0 {main}
  thrown in C:\xampp\htdocs\JOBSO\api\save_job.php on line 11
[19-Nov-2025 19:58:10 Europe/Berlin] current_user prepare failed: Unknown column 'role' in 'field list'
[19-Nov-2025 19:58:10 Europe/Berlin] PHP Fatal error:  Uncaught Error: Call to a member function bind_param() on bool in C:\xampp\htdocs\JOBSO\api\save_job.php:11
Stack trace:
#0 {main}
  thrown in C:\xampp\htdocs\JOBSO\api\save_job.php on line 11
[19-Nov-2025 19:58:10 Europe/Berlin] PHP Fatal error:  Uncaught Error: Call to a member function bind_param() on bool in C:\xampp\htdocs\JOBSO\api\save_job.php:11
Stack trace:
#0 {main}
  thrown in C:\xampp\htdocs\JOBSO\api\save_job.php on line 11
[19-Nov-2025 19:58:13 Europe/Berlin] PHP Fatal error:  Uncaught Error: Call to a member function bind_param() on bool in C:\xampp\htdocs\JOBSO\api\save_job.php:11
Stack trace:
#0 {main}
  thrown in C:\xampp\htdocs\JOBSO\api\save_job.php on line 11
[19-Nov-2025 19:58:13 Europe/Berlin] current_user prepare failed: Unknown column 'role' in 'field list'
[19-Nov-2025 19:58:13 Europe/Berlin] PHP Fatal error:  Uncaught Error: Call to a member function bind_param() on bool in C:\xampp\htdocs\JOBSO\api\save_job.php:11
Stack trace:
#0 {main}
  thrown in C:\xampp\htdocs\JOBSO\api\save_job.php on line 11
[19-Nov-2025 19:58:28 Europe/Berlin] current_user prepare failed: Unknown column 'role' in 'field list'
[19-Nov-2025 19:58:28 Europe/Berlin] PHP Fatal error:  Uncaught Error: Call to a member function bind_param() on bool in C:\xampp\htdocs\JOBSO\api\save_job.php:11
Stack trace:
#0 {main}
  thrown in C:\xampp\htdocs\JOBSO\api\save_job.php on line 11
[19-Nov-2025 19:58:29 Europe/Berlin] PHP Fatal error:  Uncaught Error: Call to a member function bind_param() on bool in C:\xampp\htdocs\JOBSO\api\save_job.php:11
Stack trace:
#0 {main}
  thrown in C:\xampp\htdocs\JOBSO\api\save_job.php on line 11
[19-Nov-2025 19:58:39 Europe/Berlin] current_user prepare failed: Unknown column 'role' in 'field list'
[19-Nov-2025 19:58:39 Europe/Berlin] PHP Fatal error:  Uncaught Error: Call to a member function bind_param() on bool in C:\xampp\htdocs\JOBSO\api\save_job.php:11
Stack trace:
#0 {main}
  thrown in C:\xampp\htdocs\JOBSO\api\save_job.php on line 11
[19-Nov-2025 19:58:39 Europe/Berlin] PHP Fatal error:  Uncaught Error: Call to a member function bind_param() on bool in C:\xampp\htdocs\JOBSO\api\save_job.php:11
Stack trace:
#0 {main}
  thrown in C:\xampp\htdocs\JOBSO\api\save_job.php on line 11
[19-Nov-2025 19:58:41 Europe/Berlin] current_user prepare failed: Unknown column 'role' in 'field list'
[19-Nov-2025 19:58:41 Europe/Berlin] PHP Fatal error:  Uncaught Error: Call to a member function bind_param() on bool in C:\xampp\htdocs\JOBSO\api\save_job.php:11
Stack trace:
#0 {main}
  thrown in C:\xampp\htdocs\JOBSO\api\save_job.php on line 11
[19-Nov-2025 19:58:41 Europe/Berlin] PHP Fatal error:  Uncaught Error: Call to a member function bind_param() on bool in C:\xampp\htdocs\JOBSO\api\save_job.php:11
Stack trace:
#0 {main}
  thrown in C:\xampp\htdocs\JOBSO\api\save_job.php on line 11
[19-Nov-2025 19:58:48 Europe/Berlin] current_user prepare failed: Unknown column 'role' in 'field list'
[19-Nov-2025 19:58:48 Europe/Berlin] PHP Fatal error:  Uncaught Error: Call to a member function bind_param() on bool in C:\xampp\htdocs\JOBSO\api\save_job.php:11
Stack trace:
#0 {main}
  thrown in C:\xampp\htdocs\JOBSO\api\save_job.php on line 11
[19-Nov-2025 19:58:48 Europe/Berlin] PHP Fatal error:  Uncaught Error: Call to a member function bind_param() on bool in C:\xampp\htdocs\JOBSO\api\save_job.php:11
Stack trace:
#0 {main}
  thrown in C:\xampp\htdocs\JOBSO\api\save_job.php on line 11
[19-Nov-2025 19:58:50 Europe/Berlin] current_user prepare failed: Unknown column 'role' in 'field list'
[19-Nov-2025 19:58:50 Europe/Berlin] PHP Fatal error:  Uncaught Error: Call to a member function bind_param() on bool in C:\xampp\htdocs\JOBSO\api\save_job.php:11
Stack trace:
#0 {main}
  thrown in C:\xampp\htdocs\JOBSO\api\save_job.php on line 11
[19-Nov-2025 19:58:50 Europe/Berlin] PHP Fatal error:  Uncaught Error: Call to a member function bind_param() on bool in C:\xampp\htdocs\JOBSO\api\save_job.php:11
Stack trace:
#0 {main}
  thrown in C:\xampp\htdocs\JOBSO\api\save_job.php on line 11
[19-Nov-2025 19:58:55 Europe/Berlin] current_user prepare failed: Unknown column 'role' in 'field list'
[19-Nov-2025 19:58:55 Europe/Berlin] PHP Fatal error:  Uncaught Error: Call to a member function bind_param() on bool in C:\xampp\htdocs\JOBSO\api\save_job.php:11
Stack trace:
#0 {main}
  thrown in C:\xampp\htdocs\JOBSO\api\save_job.php on line 11
[19-Nov-2025 19:58:55 Europe/Berlin] PHP Fatal error:  Uncaught Error: Call to a member function bind_param() on bool in C:\xampp\htdocs\JOBSO\api\save_job.php:11
Stack trace:
#0 {main}
  thrown in C:\xampp\htdocs\JOBSO\api\save_job.php on line 11
[19-Nov-2025 19:58:58 Europe/Berlin] current_user prepare failed: Unknown column 'role' in 'field list'
[19-Nov-2025 19:58:58 Europe/Berlin] PHP Fatal error:  Uncaught Error: Call to a member function bind_param() on bool in C:\xampp\htdocs\JOBSO\api\save_job.php:11
Stack trace:
#0 {main}
  thrown in C:\xampp\htdocs\JOBSO\api\save_job.php on line 11
[19-Nov-2025 20:00:19 Europe/Berlin] current_user prepare failed: Unknown column 'role' in 'field list'
[19-Nov-2025 20:00:19 Europe/Berlin] PHP Fatal error:  Uncaught Error: Call to a member function bind_param() on bool in C:\xampp\htdocs\JOBSO\api\save_job.php:11
Stack trace:
#0 {main}
  thrown in C:\xampp\htdocs\JOBSO\api\save_job.php on line 11
[19-Nov-2025 20:00:31 Europe/Berlin] current_user prepare failed: Unknown column 'role' in 'field list'
[19-Nov-2025 20:00:31 Europe/Berlin] PHP Fatal error:  Uncaught Error: Call to a member function bind_param() on bool in C:\xampp\htdocs\JOBSO\api\save_job.php:11
Stack trace:
#0 {main}
  thrown in C:\xampp\htdocs\JOBSO\api\save_job.php on line 11
[19-Nov-2025 20:00:31 Europe/Berlin] PHP Fatal error:  Uncaught Error: Call to a member function bind_param() on bool in C:\xampp\htdocs\JOBSO\api\save_job.php:11
Stack trace:
#0 {main}
  thrown in C:\xampp\htdocs\JOBSO\api\save_job.php on line 11
[19-Nov-2025 20:00:39 Europe/Berlin] current_user prepare failed: Unknown column 'role' in 'field list'
[19-Nov-2025 20:00:46 Europe/Berlin] current_user prepare failed: Unknown column 'role' in 'field list'
[19-Nov-2025 20:03:16 Europe/Berlin] current_user prepare failed: Unknown column 'role' in 'field list'
[19-Nov-2025 20:03:22 Europe/Berlin] current_user prepare failed: Unknown column 'role' in 'field list'
[19-Nov-2025 20:03:22 Europe/Berlin] PHP Fatal error:  Uncaught Error: Call to a member function bind_param() on bool in C:\xampp\htdocs\JOBSO\api\save_job.php:11
Stack trace:
#0 {main}
  thrown in C:\xampp\htdocs\JOBSO\api\save_job.php on line 11
[19-Nov-2025 20:03:22 Europe/Berlin] PHP Fatal error:  Uncaught Error: Call to a member function bind_param() on bool in C:\xampp\htdocs\JOBSO\api\save_job.php:11
Stack trace:
#0 {main}
  thrown in C:\xampp\htdocs\JOBSO\api\save_job.php on line 11
[19-Nov-2025 20:03:50 Europe/Berlin] current_user prepare failed: Unknown column 'role' in 'field list'
[19-Nov-2025 20:03:50 Europe/Berlin] PHP Fatal error:  Uncaught Error: Call to a member function bind_param() on bool in C:\xampp\htdocs\JOBSO\api\save_job.php:11
Stack trace:
#0 {main}
  thrown in C:\xampp\htdocs\JOBSO\api\save_job.php on line 11
[19-Nov-2025 20:03:50 Europe/Berlin] PHP Fatal error:  Uncaught Error: Call to a member function bind_param() on bool in C:\xampp\htdocs\JOBSO\api\save_job.php:11
Stack trace:
#0 {main}
  thrown in C:\xampp\htdocs\JOBSO\api\save_job.php on line 11
[19-Nov-2025 20:03:55 Europe/Berlin] current_user prepare failed: Unknown column 'role' in 'field list'
[19-Nov-2025 20:03:55 Europe/Berlin] PHP Fatal error:  Uncaught Error: Call to a member function bind_param() on bool in C:\xampp\htdocs\JOBSO\api\save_job.php:11
Stack trace:
#0 {main}
  thrown in C:\xampp\htdocs\JOBSO\api\save_job.php on line 11
[19-Nov-2025 20:04:04 Europe/Berlin] current_user prepare failed: Unknown column 'role' in 'field list'
[19-Nov-2025 20:04:04 Europe/Berlin] PHP Fatal error:  Uncaught Error: Call to a member function bind_param() on bool in C:\xampp\htdocs\JOBSO\api\save_job.php:11
Stack trace:
#0 {main}
  thrown in C:\xampp\htdocs\JOBSO\api\save_job.php on line 11
[19-Nov-2025 20:04:04 Europe/Berlin] PHP Fatal error:  Uncaught Error: Call to a member function bind_param() on bool in C:\xampp\htdocs\JOBSO\api\save_job.php:11
Stack trace:
#0 {main}
  thrown in C:\xampp\htdocs\JOBSO\api\save_job.php on line 11
[19-Nov-2025 20:05:17 Europe/Berlin] current_user prepare failed: Unknown column 'role' in 'field list'
[19-Nov-2025 20:05:19 Europe/Berlin] current_user prepare failed: Unknown column 'role' in 'field list'
[19-Nov-2025 20:06:30 Europe/Berlin] current_user prepare failed: Unknown column 'role' in 'field list'
[19-Nov-2025 20:06:30 Europe/Berlin] PHP Fatal error:  Uncaught Error: Call to a member function bind_param() on bool in C:\xampp\htdocs\JOBSO\api\save_job.php:11
Stack trace:
#0 {main}
  thrown in C:\xampp\htdocs\JOBSO\api\save_job.php on line 11
[19-Nov-2025 20:06:30 Europe/Berlin] PHP Fatal error:  Uncaught Error: Call to a member function bind_param() on bool in C:\xampp\htdocs\JOBSO\api\save_job.php:11
Stack trace:
#0 {main}
  thrown in C:\xampp\htdocs\JOBSO\api\save_job.php on line 11
[19-Nov-2025 20:10:34 Europe/Berlin] current_user prepare failed: Unknown column 'role' in 'field list'
[19-Nov-2025 20:10:46 Europe/Berlin] current_user prepare failed: Unknown column 'role' in 'field list'
[19-Nov-2025 20:10:46 Europe/Berlin] current_user prepare failed: Unknown column 'role' in 'field list'
[19-Nov-2025 20:10:46 Europe/Berlin] current_user prepare failed: Unknown column 'role' in 'field list'
[19-Nov-2025 20:10:46 Europe/Berlin] current_user prepare failed: Unknown column 'role' in 'field list'
[19-Nov-2025 20:10:46 Europe/Berlin] PHP Fatal error:  Uncaught Error: Call to a member function bind_param() on bool in C:\xampp\htdocs\JOBSO\api\save_job.php:11
Stack trace:
#0 {main}
  thrown in C:\xampp\htdocs\JOBSO\api\save_job.php on line 11
[19-Nov-2025 20:10:55 Europe/Berlin] current_user prepare failed: Unknown column 'role' in 'field list'
[19-Nov-2025 20:11:23 Europe/Berlin] current_user prepare failed: Unknown column 'role' in 'field list'
[19-Nov-2025 20:11:23 Europe/Berlin] current_user prepare failed: Unknown column 'role' in 'field list'
[19-Nov-2025 20:11:23 Europe/Berlin] current_user prepare failed: Unknown column 'role' in 'field list'
[19-Nov-2025 20:11:23 Europe/Berlin] PHP Fatal error:  Uncaught Error: Call to a member function bind_param() on bool in C:\xampp\htdocs\JOBSO\api\save_job.php:11
Stack trace:
#0 {main}
  thrown in C:\xampp\htdocs\JOBSO\api\save_job.php on line 11
[19-Nov-2025 20:11:23 Europe/Berlin] current_user prepare failed: Unknown column 'role' in 'field list'
[19-Nov-2025 20:13:31 Europe/Berlin] current_user prepare failed: Unknown column 'role' in 'field list'
[19-Nov-2025 20:13:32 Europe/Berlin] current_user prepare failed: Unknown column 'role' in 'field list'
[19-Nov-2025 20:13:32 Europe/Berlin] PHP Fatal error:  Uncaught Error: Call to a member function bind_param() on bool in C:\xampp\htdocs\JOBSO\api\save_job.php:11
Stack trace:
#0 {main}
  thrown in C:\xampp\htdocs\JOBSO\api\save_job.php on line 11
[19-Nov-2025 20:13:33 Europe/Berlin] current_user prepare failed: Unknown column 'role' in 'field list'
[19-Nov-2025 20:13:33 Europe/Berlin] current_user prepare failed: Unknown column 'role' in 'field list'
[19-Nov-2025 20:13:33 Europe/Berlin] PHP Fatal error:  Uncaught Error: Call to a member function bind_param() on bool in C:\xampp\htdocs\JOBSO\api\save_job.php:11
Stack trace:
#0 {main}
  thrown in C:\xampp\htdocs\JOBSO\api\save_job.php on line 11
[19-Nov-2025 20:13:34 Europe/Berlin] current_user prepare failed: Unknown column 'role' in 'field list'
[19-Nov-2025 20:13:34 Europe/Berlin] PHP Fatal error:  Uncaught Error: Call to a member function bind_param() on bool in C:\xampp\htdocs\JOBSO\api\save_job.php:11
Stack trace:
#0 {main}
  thrown in C:\xampp\htdocs\JOBSO\api\save_job.php on line 11
[19-Nov-2025 20:13:34 Europe/Berlin] current_user prepare failed: Unknown column 'role' in 'field list'
[19-Nov-2025 20:13:35 Europe/Berlin] current_user prepare failed: Unknown column 'role' in 'field list'
[19-Nov-2025 20:15:26 Europe/Berlin] current_user prepare failed: Unknown column 'role' in 'field list'
[19-Nov-2025 20:15:29 Europe/Berlin] current_user prepare failed: Unknown column 'role' in 'field list'
[19-Nov-2025 20:15:29 Europe/Berlin] PHP Fatal error:  Uncaught Error: Call to a member function bind_param() on bool in C:\xampp\htdocs\JOBSO\api\save_job.php:11
Stack trace:
#0 {main}
  thrown in C:\xampp\htdocs\JOBSO\api\save_job.php on line 11
[19-Nov-2025 20:15:29 Europe/Berlin] PHP Fatal error:  Uncaught Error: Call to a member function bind_param() on bool in C:\xampp\htdocs\JOBSO\api\save_job.php:11
Stack trace:
#0 {main}
  thrown in C:\xampp\htdocs\JOBSO\api\save_job.php on line 11
[19-Nov-2025 20:15:31 Europe/Berlin] current_user prepare failed: Unknown column 'role' in 'field list'
[19-Nov-2025 20:15:31 Europe/Berlin] PHP Fatal error:  Uncaught Error: Call to a member function bind_param() on bool in C:\xampp\htdocs\JOBSO\api\save_job.php:11
Stack trace:
#0 {main}
  thrown in C:\xampp\htdocs\JOBSO\api\save_job.php on line 11
[19-Nov-2025 20:15:49 Europe/Berlin] current_user prepare failed: Unknown column 'role' in 'field list'
[19-Nov-2025 20:15:49 Europe/Berlin] PHP Fatal error:  Uncaught Error: Call to a member function bind_param() on bool in C:\xampp\htdocs\JOBSO\api\save_job.php:11
Stack trace:
#0 {main}
  thrown in C:\xampp\htdocs\JOBSO\api\save_job.php on line 11
[19-Nov-2025 20:15:49 Europe/Berlin] PHP Fatal error:  Uncaught Error: Call to a member function bind_param() on bool in C:\xampp\htdocs\JOBSO\api\save_job.php:11
Stack trace:
#0 {main}
  thrown in C:\xampp\htdocs\JOBSO\api\save_job.php on line 11
[19-Nov-2025 20:16:08 Europe/Berlin] current_user prepare failed: Unknown column 'role' in 'field list'
[19-Nov-2025 20:16:37 Europe/Berlin] current_user prepare failed: Unknown column 'role' in 'field list'
[19-Nov-2025 20:16:37 Europe/Berlin] current_user prepare failed: Unknown column 'role' in 'field list'
[19-Nov-2025 20:16:37 Europe/Berlin] current_user prepare failed: Unknown column 'role' in 'field list'
[19-Nov-2025 20:16:37 Europe/Berlin] PHP Fatal error:  Uncaught Error: Call to a member function bind_param() on bool in C:\xampp\htdocs\JOBSO\api\save_job.php:11
Stack trace:
#0 {main}
  thrown in C:\xampp\htdocs\JOBSO\api\save_job.php on line 11
[19-Nov-2025 20:16:37 Europe/Berlin] current_user prepare failed: Unknown column 'role' in 'field list'
[19-Nov-2025 20:16:37 Europe/Berlin] current_user prepare failed: Unknown column 'role' in 'field list'
[19-Nov-2025 20:17:39 Europe/Berlin] current_user prepare failed: Unknown column 'role' in 'field list'
[19-Nov-2025 20:17:39 Europe/Berlin] current_user prepare failed: Unknown column 'role' in 'field list'
[19-Nov-2025 20:17:39 Europe/Berlin] PHP Fatal error:  Uncaught Error: Call to a member function bind_param() on bool in C:\xampp\htdocs\JOBSO\api\save_job.php:11
Stack trace:
#0 {main}
  thrown in C:\xampp\htdocs\JOBSO\api\save_job.php on line 11
[19-Nov-2025 20:17:39 Europe/Berlin] current_user prepare failed: Unknown column 'role' in 'field list'
[19-Nov-2025 20:17:40 Europe/Berlin] current_user prepare failed: Unknown column 'role' in 'field list'
[19-Nov-2025 20:17:40 Europe/Berlin] PHP Fatal error:  Uncaught Error: Call to a member function bind_param() on bool in C:\xampp\htdocs\JOBSO\api\save_job.php:11
Stack trace:
#0 {main}
  thrown in C:\xampp\htdocs\JOBSO\api\save_job.php on line 11
[19-Nov-2025 20:17:40 Europe/Berlin] current_user prepare failed: Unknown column 'role' in 'field list'
[19-Nov-2025 20:17:40 Europe/Berlin] current_user prepare failed: Unknown column 'role' in 'field list'
[20-Nov-2025 07:13:35 Europe/Berlin] current_user prepare failed: Unknown column 'role' in 'field list'
[20-Nov-2025 07:13:35 Europe/Berlin] PHP Fatal error:  Uncaught Error: Call to a member function bind_param() on bool in C:\xampp\htdocs\JOBSO\api\save_job.php:11
Stack trace:
#0 {main}
  thrown in C:\xampp\htdocs\JOBSO\api\save_job.php on line 11
[20-Nov-2025 07:13:35 Europe/Berlin] current_user prepare failed: Unknown column 'role' in 'field list'
[20-Nov-2025 07:13:35 Europe/Berlin] current_user prepare failed: Unknown column 'role' in 'field list'
[20-Nov-2025 07:13:38 Europe/Berlin] current_user prepare failed: Unknown column 'role' in 'field list'
[20-Nov-2025 07:13:38 Europe/Berlin] PHP Fatal error:  Uncaught Error: Call to a member function bind_param() on bool in C:\xampp\htdocs\JOBSO\api\save_job.php:11
Stack trace:
#0 {main}
  thrown in C:\xampp\htdocs\JOBSO\api\save_job.php on line 11
[20-Nov-2025 07:13:38 Europe/Berlin] PHP Fatal error:  Uncaught Error: Call to a member function bind_param() on bool in C:\xampp\htdocs\JOBSO\api\save_job.php:11
Stack trace:
#0 {main}
  thrown in C:\xampp\htdocs\JOBSO\api\save_job.php on line 11
[20-Nov-2025 07:19:32 Europe/Berlin] current_user prepare failed: Unknown column 'role' in 'field list'
[20-Nov-2025 07:19:32 Europe/Berlin] PHP Fatal error:  Uncaught Error: Call to a member function bind_param() on bool in C:\xampp\htdocs\JOBSO\api\save_job.php:11
Stack trace:
#0 {main}
  thrown in C:\xampp\htdocs\JOBSO\api\save_job.php on line 11
[20-Nov-2025 07:19:32 Europe/Berlin] PHP Fatal error:  Uncaught Error: Call to a member function bind_param() on bool in C:\xampp\htdocs\JOBSO\api\save_job.php:11
Stack trace:
#0 {main}
  thrown in C:\xampp\htdocs\JOBSO\api\save_job.php on line 11
[20-Nov-2025 07:19:39 Europe/Berlin] current_user prepare failed: Unknown column 'role' in 'field list'
[20-Nov-2025 07:19:39 Europe/Berlin] PHP Fatal error:  Uncaught Error: Call to a member function bind_param() on bool in C:\xampp\htdocs\JOBSO\api\save_job.php:11
Stack trace:
#0 {main}
  thrown in C:\xampp\htdocs\JOBSO\api\save_job.php on line 11
[20-Nov-2025 07:19:42 Europe/Berlin] current_user prepare failed: Unknown column 'role' in 'field list'
[20-Nov-2025 07:19:42 Europe/Berlin] PHP Fatal error:  Uncaught Error: Call to a member function bind_param() on bool in C:\xampp\htdocs\JOBSO\api\save_job.php:11
Stack trace:
#0 {main}
  thrown in C:\xampp\htdocs\JOBSO\api\save_job.php on line 11
[20-Nov-2025 07:19:42 Europe/Berlin] PHP Fatal error:  Uncaught Error: Call to a member function bind_param() on bool in C:\xampp\htdocs\JOBSO\api\save_job.php:11
Stack trace:
#0 {main}
  thrown in C:\xampp\htdocs\JOBSO\api\save_job.php on line 11
[20-Nov-2025 07:19:43 Europe/Berlin] current_user prepare failed: Unknown column 'role' in 'field list'
[20-Nov-2025 07:20:00 Europe/Berlin] current_user prepare failed: Unknown column 'role' in 'field list'
[20-Nov-2025 07:20:21 Europe/Berlin] current_user prepare failed: Unknown column 'role' in 'field list'
[20-Nov-2025 07:20:21 Europe/Berlin] current_user prepare failed: Unknown column 'role' in 'field list'
[20-Nov-2025 07:20:22 Europe/Berlin] current_user prepare failed: Unknown column 'role' in 'field list'
[20-Nov-2025 07:20:22 Europe/Berlin] PHP Fatal error:  Uncaught Error: Call to a member function bind_param() on bool in C:\xampp\htdocs\JOBSO\api\save_job.php:11
Stack trace:
#0 {main}
  thrown in C:\xampp\htdocs\JOBSO\api\save_job.php on line 11
[20-Nov-2025 07:20:22 Europe/Berlin] current_user prepare failed: Unknown column 'role' in 'field list'
[20-Nov-2025 07:20:22 Europe/Berlin] current_user prepare failed: Unknown column 'role' in 'field list'
[20-Nov-2025 07:26:15 Europe/Berlin] current_user prepare failed (role missing), falling back: Unknown column 'role' in 'field list'
[20-Nov-2025 07:26:15 Europe/Berlin] current_user prepare failed (role missing), falling back: Unknown column 'role' in 'field list'
[20-Nov-2025 07:26:15 Europe/Berlin] api/save_job GET prepare failed: Table 'jobso.saved_jobs' doesn't exist
[20-Nov-2025 07:26:15 Europe/Berlin] current_user prepare failed (role missing), falling back: Unknown column 'role' in 'field list'
[20-Nov-2025 07:31:15 Europe/Berlin] api/save_job GET prepare failed: Table 'jobso.saved_jobs' doesn't exist
[20-Nov-2025 07:31:17 Europe/Berlin] api/save_job GET prepare failed: Table 'jobso.saved_jobs' doesn't exist
[20-Nov-2025 07:31:18 Europe/Berlin] api/save_job GET prepare failed: Table 'jobso.saved_jobs' doesn't exist
[20-Nov-2025 07:31:28 Europe/Berlin] api/save_job GET prepare failed: Table 'jobso.saved_jobs' doesn't exist
[20-Nov-2025 07:31:28 Europe/Berlin] api/save_job GET prepare failed: Table 'jobso.saved_jobs' doesn't exist
[20-Nov-2025 07:34:35 Europe/Berlin] api/save_job GET prepare failed: Table 'jobso.saved_jobs' doesn't exist
[20-Nov-2025 07:34:35 Europe/Berlin] api/save_job GET prepare failed: Table 'jobso.saved_jobs' doesn't exist
[20-Nov-2025 07:34:39 Europe/Berlin] api/save_job GET prepare failed: Table 'jobso.saved_jobs' doesn't exist
[20-Nov-2025 07:34:39 Europe/Berlin] api/save_job GET prepare failed: Table 'jobso.saved_jobs' doesn't exist
[20-Nov-2025 07:39:49 Europe/Berlin] api/save_job GET prepare failed: Table 'jobso.saved_jobs' doesn't exist
[20-Nov-2025 07:39:49 Europe/Berlin] api/save_job GET prepare failed: Table 'jobso.saved_jobs' doesn't exist
[20-Nov-2025 07:51:34 Europe/Berlin] api/save_job GET prepare failed: Table 'jobso.saved_jobs' doesn't exist
[20-Nov-2025 07:51:34 Europe/Berlin] api/save_job GET prepare failed: Table 'jobso.saved_jobs' doesn't exist
[20-Nov-2025 07:55:12 Europe/Berlin] api/save_job GET prepare failed: Table 'jobso.saved_jobs' doesn't exist
[20-Nov-2025 07:55:12 Europe/Berlin] api/save_job GET prepare failed: Table 'jobso.saved_jobs' doesn't exist
[20-Nov-2025 07:57:47 Europe/Berlin] api/save_job GET prepare failed: Table 'jobso.saved_jobs' doesn't exist
[20-Nov-2025 07:57:47 Europe/Berlin] api/save_job GET prepare failed: Table 'jobso.saved_jobs' doesn't exist
[20-Nov-2025 08:01:51 Europe/Berlin] api/save_job GET prepare failed: Table 'jobso.saved_jobs' doesn't exist
[20-Nov-2025 08:01:51 Europe/Berlin] api/save_job GET prepare failed: Table 'jobso.saved_jobs' doesn't exist
[20-Nov-2025 08:03:37 Europe/Berlin] api/save_job GET prepare failed: Table 'jobso.saved_jobs' doesn't exist
[20-Nov-2025 08:03:37 Europe/Berlin] api/save_job GET prepare failed: Table 'jobso.saved_jobs' doesn't exist
[20-Nov-2025 08:08:30 Europe/Berlin] api/save_job GET prepare failed: Table 'jobso.saved_jobs' doesn't exist
[20-Nov-2025 08:08:30 Europe/Berlin] api/save_job GET prepare failed: Table 'jobso.saved_jobs' doesn't exist
[20-Nov-2025 08:09:46 Europe/Berlin] api/save_job GET prepare failed: Table 'jobso.saved_jobs' doesn't exist
[20-Nov-2025 08:09:46 Europe/Berlin] api/save_job GET prepare failed: Table 'jobso.saved_jobs' doesn't exist
[20-Nov-2025 08:09:57 Europe/Berlin] api/save_job GET prepare failed: Table 'jobso.saved_jobs' doesn't exist
[20-Nov-2025 08:10:00 Europe/Berlin] api/save_job GET prepare failed: Table 'jobso.saved_jobs' doesn't exist
[20-Nov-2025 08:10:00 Europe/Berlin] api/save_job GET prepare failed: Table 'jobso.saved_jobs' doesn't exist
[20-Nov-2025 08:11:46 Europe/Berlin] api/save_job GET prepare failed: Table 'jobso.saved_jobs' doesn't exist
[20-Nov-2025 08:11:46 Europe/Berlin] api/save_job GET prepare failed: Table 'jobso.saved_jobs' doesn't exist
[20-Nov-2025 08:11:53 Europe/Berlin] api/save_job GET prepare failed: Table 'jobso.saved_jobs' doesn't exist
[20-Nov-2025 08:12:04 Europe/Berlin] api/save_job GET prepare failed: Table 'jobso.saved_jobs' doesn't exist
[20-Nov-2025 08:12:43 Europe/Berlin] api/save_job GET prepare failed: Table 'jobso.saved_jobs' doesn't exist
[20-Nov-2025 08:12:51 Europe/Berlin] api/save_job GET prepare failed: Table 'jobso.saved_jobs' doesn't exist
[20-Nov-2025 08:12:51 Europe/Berlin] api/save_job GET prepare failed: Table 'jobso.saved_jobs' doesn't exist
[20-Nov-2025 08:13:35 Europe/Berlin] api/save_job GET prepare failed: Table 'jobso.saved_jobs' doesn't exist
[20-Nov-2025 08:13:35 Europe/Berlin] api/save_job GET prepare failed: Table 'jobso.saved_jobs' doesn't exist
[20-Nov-2025 08:14:30 Europe/Berlin] api/save_job GET prepare failed: Table 'jobso.saved_jobs' doesn't exist
[20-Nov-2025 08:14:44 Europe/Berlin] api/save_job GET prepare failed: Table 'jobso.saved_jobs' doesn't exist
[20-Nov-2025 08:14:44 Europe/Berlin] api/save_job GET prepare failed: Table 'jobso.saved_jobs' doesn't exist
[20-Nov-2025 08:14:52 Europe/Berlin] api/save_job GET prepare failed: Table 'jobso.saved_jobs' doesn't exist
[20-Nov-2025 08:14:52 Europe/Berlin] api/save_job GET prepare failed: Table 'jobso.saved_jobs' doesn't exist
[20-Nov-2025 08:15:51 Europe/Berlin] api/save_job GET prepare failed: Table 'jobso.saved_jobs' doesn't exist
[20-Nov-2025 08:15:51 Europe/Berlin] api/save_job GET prepare failed: Table 'jobso.saved_jobs' doesn't exist
[20-Nov-2025 08:16:20 Europe/Berlin] api/save_job GET prepare failed: Table 'jobso.saved_jobs' doesn't exist
[20-Nov-2025 08:16:20 Europe/Berlin] api/save_job GET prepare failed: Table 'jobso.saved_jobs' doesn't exist
[20-Nov-2025 08:16:24 Europe/Berlin] api/save_job POST prepare failed: Table 'jobso.saved_jobs' doesn't exist
[20-Nov-2025 08:16:58 Europe/Berlin] api/save_job GET prepare failed: Table 'jobso.saved_jobs' doesn't exist
[20-Nov-2025 08:16:58 Europe/Berlin] api/save_job GET prepare failed: Table 'jobso.saved_jobs' doesn't exist
[20-Nov-2025 08:18:59 Europe/Berlin] api/save_job GET prepare failed: Table 'jobso.saved_jobs' doesn't exist
[20-Nov-2025 08:18:59 Europe/Berlin] api/save_job GET prepare failed: Table 'jobso.saved_jobs' doesn't exist
[20-Nov-2025 08:19:21 Europe/Berlin] api/save_job GET prepare failed: Table 'jobso.saved_jobs' doesn't exist
[20-Nov-2025 08:19:21 Europe/Berlin] PHP Fatal error:  Uncaught Error: Call to a member function bind_param() on bool in C:\xampp\htdocs\JOBSO\api\applications.php:27
Stack trace:
#0 {main}
  thrown in C:\xampp\htdocs\JOBSO\api\applications.php on line 27
[20-Nov-2025 08:21:01 Europe/Berlin] api/save_job GET prepare failed: Table 'jobso.saved_jobs' doesn't exist
[20-Nov-2025 08:21:01 Europe/Berlin] PHP Fatal error:  Uncaught Error: Call to a member function bind_param() on bool in C:\xampp\htdocs\JOBSO\api\applications.php:27
Stack trace:
#0 {main}
  thrown in C:\xampp\htdocs\JOBSO\api\applications.php on line 27
[20-Nov-2025 08:21:03 Europe/Berlin] PHP Fatal error:  Uncaught TypeError: call_user_func_array(): Argument #1 ($callback) must be a valid callback, first array member is not a valid class name or object in C:\xampp\htdocs\JOBSO\api\job_update.php:55
Stack trace:
#0 {main}
  thrown in C:\xampp\htdocs\JOBSO\api\job_update.php on line 55
[20-Nov-2025 08:21:07 Europe/Berlin] api/save_job GET prepare failed: Table 'jobso.saved_jobs' doesn't exist
[20-Nov-2025 08:21:15 Europe/Berlin] api/save_job GET prepare failed: Table 'jobso.saved_jobs' doesn't exist
[20-Nov-2025 08:21:15 Europe/Berlin] PHP Fatal error:  Uncaught Error: Call to a member function bind_param() on bool in C:\xampp\htdocs\JOBSO\api\applications.php:27
Stack trace:
#0 {main}
  thrown in C:\xampp\htdocs\JOBSO\api\applications.php on line 27
[20-Nov-2025 08:21:18 Europe/Berlin] api/save_job GET prepare failed: Table 'jobso.saved_jobs' doesn't exist
[20-Nov-2025 08:21:18 Europe/Berlin] api/save_job GET prepare failed: Table 'jobso.saved_jobs' doesn't exist
[20-Nov-2025 08:23:41 Europe/Berlin] api/save_job GET prepare failed: Table 'jobso.saved_jobs' doesn't exist
[20-Nov-2025 08:23:41 Europe/Berlin] api/save_job GET prepare failed: Table 'jobso.saved_jobs' doesn't exist
[20-Nov-2025 08:31:14 Europe/Berlin] api/save_job GET prepare failed: Table 'jobso.saved_jobs' doesn't exist
[20-Nov-2025 08:31:14 Europe/Berlin] api/save_job GET prepare failed: Table 'jobso.saved_jobs' doesn't exist
[20-Nov-2025 08:31:15 Europe/Berlin] api/save_job GET prepare failed: Table 'jobso.saved_jobs' doesn't exist
[20-Nov-2025 08:31:15 Europe/Berlin] api/save_job GET prepare failed: Table 'jobso.saved_jobs' doesn't exist
[20-Nov-2025 08:31:33 Europe/Berlin] api/save_job GET prepare failed: Table 'jobso.saved_jobs' doesn't exist
[20-Nov-2025 08:31:33 Europe/Berlin] api/save_job GET prepare failed: Table 'jobso.saved_jobs' doesn't exist
[20-Nov-2025 08:47:39 Europe/Berlin] api/save_job GET prepare failed: Table 'jobso.saved_jobs' doesn't exist
[20-Nov-2025 08:47:39 Europe/Berlin] api/save_job GET prepare failed: Table 'jobso.saved_jobs' doesn't exist
[20-Nov-2025 08:48:41 Europe/Berlin] api/save_job GET prepare failed: Table 'jobso.saved_jobs' doesn't exist
[20-Nov-2025 08:48:41 Europe/Berlin] api/save_job GET prepare failed: Table 'jobso.saved_jobs' doesn't exist
[20-Nov-2025 08:49:13 Europe/Berlin] api/save_job GET prepare failed: Table 'jobso.saved_jobs' doesn't exist
[20-Nov-2025 08:49:13 Europe/Berlin] api/save_job GET prepare failed: Table 'jobso.saved_jobs' doesn't exist
[20-Nov-2025 08:49:49 Europe/Berlin] api/save_job GET prepare failed: Table 'jobso.saved_jobs' doesn't exist
[20-Nov-2025 08:49:49 Europe/Berlin] api/save_job GET prepare failed: Table 'jobso.saved_jobs' doesn't exist
[20-Nov-2025 08:50:17 Europe/Berlin] api/save_job GET prepare failed: Table 'jobso.saved_jobs' doesn't exist
[20-Nov-2025 08:50:17 Europe/Berlin] api/save_job GET prepare failed: Table 'jobso.saved_jobs' doesn't exist
[20-Nov-2025 08:50:24 Europe/Berlin] api/save_job GET prepare failed: Table 'jobso.saved_jobs' doesn't exist
[20-Nov-2025 08:50:24 Europe/Berlin] api/save_job GET prepare failed: Table 'jobso.saved_jobs' doesn't exist
[20-Nov-2025 08:51:40 Europe/Berlin] PHP Fatal error:  Uncaught Error: Call to a member function bind_param() on bool in C:\xampp\htdocs\JOBSO\api\jobs.php:52
Stack trace:
#0 {main}
  thrown in C:\xampp\htdocs\JOBSO\api\jobs.php on line 52
[20-Nov-2025 08:51:43 Europe/Berlin] PHP Fatal error:  Uncaught Error: Call to a member function bind_param() on bool in C:\xampp\htdocs\JOBSO\api\jobs.php:52
Stack trace:
#0 {main}
  thrown in C:\xampp\htdocs\JOBSO\api\jobs.php on line 52
[20-Nov-2025 08:51:54 Europe/Berlin] PHP Fatal error:  Uncaught Error: Call to a member function bind_param() on bool in C:\xampp\htdocs\JOBSO\api\jobs.php:52
Stack trace:
#0 {main}
  thrown in C:\xampp\htdocs\JOBSO\api\jobs.php on line 52
[20-Nov-2025 08:51:56 Europe/Berlin] PHP Fatal error:  Uncaught Error: Call to a member function bind_param() on bool in C:\xampp\htdocs\JOBSO\api\jobs.php:52
Stack trace:
#0 {main}
  thrown in C:\xampp\htdocs\JOBSO\api\jobs.php on line 52
[20-Nov-2025 08:52:41 Europe/Berlin] api/save_job GET prepare failed: Table 'jobso.saved_jobs' doesn't exist
[20-Nov-2025 08:52:41 Europe/Berlin] api/save_job GET prepare failed: Table 'jobso.saved_jobs' doesn't exist
[20-Nov-2025 08:53:07 Europe/Berlin] api/save_job GET prepare failed: Table 'jobso.saved_jobs' doesn't exist
[20-Nov-2025 08:53:07 Europe/Berlin] api/save_job GET prepare failed: Table 'jobso.saved_jobs' doesn't exist
[20-Nov-2025 08:53:10 Europe/Berlin] api/save_job GET prepare failed: Table 'jobso.saved_jobs' doesn't exist
[20-Nov-2025 08:53:10 Europe/Berlin] api/save_job GET prepare failed: Table 'jobso.saved_jobs' doesn't exist
[20-Nov-2025 08:54:13 Europe/Berlin] api/save_job GET prepare failed: Table 'jobso.saved_jobs' doesn't exist
[20-Nov-2025 08:54:33 Europe/Berlin] api/save_job GET prepare failed: Table 'jobso.saved_jobs' doesn't exist
[20-Nov-2025 08:55:39 Europe/Berlin] api/save_job GET prepare failed: Table 'jobso.saved_jobs' doesn't exist
[20-Nov-2025 08:55:48 Europe/Berlin] api/save_job GET prepare failed: Table 'jobso.saved_jobs' doesn't exist
[20-Nov-2025 08:56:12 Europe/Berlin] api/save_job GET prepare failed: Table 'jobso.saved_jobs' doesn't exist
[20-Nov-2025 08:56:12 Europe/Berlin] api/save_job GET prepare failed: Table 'jobso.saved_jobs' doesn't exist
[20-Nov-2025 08:59:35 Europe/Berlin] api/save_job GET prepare failed: Table 'jobso.saved_jobs' doesn't exist
[20-Nov-2025 08:59:35 Europe/Berlin] api/save_job GET prepare failed: Table 'jobso.saved_jobs' doesn't exist
[20-Nov-2025 09:19:14 Europe/Berlin] api/save_job GET prepare failed: Table 'jobso.saved_jobs' doesn't exist
[20-Nov-2025 09:19:14 Europe/Berlin] api/save_job GET prepare failed: Table 'jobso.saved_jobs' doesn't exist
[20-Nov-2025 09:19:23 Europe/Berlin] api/save_job GET prepare failed: Table 'jobso.saved_jobs' doesn't exist
[20-Nov-2025 09:19:24 Europe/Berlin] PHP Fatal error:  Uncaught Error: Call to a member function bind_param() on bool in C:\xampp\htdocs\JOBSO\api\applications.php:27
Stack trace:
#0 {main}
  thrown in C:\xampp\htdocs\JOBSO\api\applications.php on line 27
[20-Nov-2025 09:24:19 Europe/Berlin] api/save_job GET prepare failed: Table 'jobso.saved_jobs' doesn't exist
[20-Nov-2025 09:24:19 Europe/Berlin] PHP Fatal error:  Uncaught Error: Call to a member function bind_param() on bool in C:\xampp\htdocs\JOBSO\api\applications.php:27
Stack trace:
#0 {main}
  thrown in C:\xampp\htdocs\JOBSO\api\applications.php on line 27
[20-Nov-2025 09:24:27 Europe/Berlin] api/save_job GET prepare failed: Table 'jobso.saved_jobs' doesn't exist
[20-Nov-2025 09:24:27 Europe/Berlin] PHP Fatal error:  Uncaught Error: Call to a member function bind_param() on bool in C:\xampp\htdocs\JOBSO\api\applications.php:27
Stack trace:
#0 {main}
  thrown in C:\xampp\htdocs\JOBSO\api\applications.php on line 27
[20-Nov-2025 09:27:44 Europe/Berlin] api/save_job GET prepare failed: Table 'jobso.saved_jobs' doesn't exist
[20-Nov-2025 09:27:44 Europe/Berlin] PHP Fatal error:  Uncaught Error: Call to a member function bind_param() on bool in C:\xampp\htdocs\JOBSO\api\applications.php:27
Stack trace:
#0 {main}
  thrown in C:\xampp\htdocs\JOBSO\api\applications.php on line 27
[20-Nov-2025 09:27:45 Europe/Berlin] api/save_job GET prepare failed: Table 'jobso.saved_jobs' doesn't exist
[20-Nov-2025 09:27:45 Europe/Berlin] PHP Fatal error:  Uncaught Error: Call to a member function bind_param() on bool in C:\xampp\htdocs\JOBSO\api\applications.php:27
Stack trace:
#0 {main}
  thrown in C:\xampp\htdocs\JOBSO\api\applications.php on line 27
[20-Nov-2025 09:34:57 Europe/Berlin] api/save_job GET prepare failed: Table 'jobso.saved_jobs' doesn't exist
[20-Nov-2025 09:34:57 Europe/Berlin] PHP Fatal error:  Uncaught Error: Call to a member function bind_param() on bool in C:\xampp\htdocs\JOBSO\api\applications.php:27
Stack trace:
#0 {main}
  thrown in C:\xampp\htdocs\JOBSO\api\applications.php on line 27
[20-Nov-2025 09:35:09 Europe/Berlin] api/save_job GET prepare failed: Table 'jobso.saved_jobs' doesn't exist
[20-Nov-2025 09:35:09 Europe/Berlin] PHP Fatal error:  Uncaught Error: Call to a member function bind_param() on bool in C:\xampp\htdocs\JOBSO\api\applications.php:27
Stack trace:
#0 {main}
  thrown in C:\xampp\htdocs\JOBSO\api\applications.php on line 27
[20-Nov-2025 09:37:27 Europe/Berlin] api/save_job GET prepare failed: Table 'jobso.saved_jobs' doesn't exist
[20-Nov-2025 09:37:27 Europe/Berlin] api/save_job GET prepare failed: Table 'jobso.saved_jobs' doesn't exist
[20-Nov-2025 09:38:19 Europe/Berlin] api/save_job GET prepare failed: Table 'jobso.saved_jobs' doesn't exist
[20-Nov-2025 09:38:19 Europe/Berlin] api/save_job GET prepare failed: Table 'jobso.saved_jobs' doesn't exist
[20-Nov-2025 09:39:12 Europe/Berlin] api/save_job GET prepare failed: Table 'jobso.saved_jobs' doesn't exist
[20-Nov-2025 09:39:12 Europe/Berlin] api/save_job GET prepare failed: Table 'jobso.saved_jobs' doesn't exist
[20-Nov-2025 09:39:19 Europe/Berlin] api/save_job GET prepare failed: Table 'jobso.saved_jobs' doesn't exist
[20-Nov-2025 09:39:19 Europe/Berlin] api/save_job GET prepare failed: Table 'jobso.saved_jobs' doesn't exist
[20-Nov-2025 09:40:02 Europe/Berlin] api/save_job GET prepare failed: Table 'jobso.saved_jobs' doesn't exist
[20-Nov-2025 09:40:02 Europe/Berlin] api/save_job GET prepare failed: Table 'jobso.saved_jobs' doesn't exist
[20-Nov-2025 09:43:59 Europe/Berlin] api/save_job GET prepare failed: Table 'jobso.saved_jobs' doesn't exist
[20-Nov-2025 09:43:59 Europe/Berlin] api/save_job GET prepare failed: Table 'jobso.saved_jobs' doesn't exist
[20-Nov-2025 09:44:43 Europe/Berlin] api/save_job GET prepare failed: Table 'jobso.saved_jobs' doesn't exist
[20-Nov-2025 09:44:44 Europe/Berlin] api/save_job GET prepare failed: Table 'jobso.saved_jobs' doesn't exist
[20-Nov-2025 09:53:46 Europe/Berlin] api/save_job GET prepare failed: Table 'jobso.saved_jobs' doesn't exist
[20-Nov-2025 09:53:46 Europe/Berlin] api/save_job GET prepare failed: Table 'jobso.saved_jobs' doesn't exist
[20-Nov-2025 09:53:50 Europe/Berlin] api/save_job GET prepare failed: Table 'jobso.saved_jobs' doesn't exist
[20-Nov-2025 09:53:50 Europe/Berlin] api/save_job GET prepare failed: Table 'jobso.saved_jobs' doesn't exist
[20-Nov-2025 10:06:15 Europe/Berlin] api/save_job GET prepare failed: Table 'jobso.saved_jobs' doesn't exist
[20-Nov-2025 10:06:15 Europe/Berlin] api/save_job GET prepare failed: Table 'jobso.saved_jobs' doesn't exist
[20-Nov-2025 10:06:19 Europe/Berlin] api/save_job GET prepare failed: Table 'jobso.saved_jobs' doesn't exist
[20-Nov-2025 10:06:19 Europe/Berlin] api/save_job GET prepare failed: Table 'jobso.saved_jobs' doesn't exist
[20-Nov-2025 10:06:57 Europe/Berlin] api/save_job GET prepare failed: Table 'jobso.saved_jobs' doesn't exist
[20-Nov-2025 10:06:57 Europe/Berlin] api/save_job GET prepare failed: Table 'jobso.saved_jobs' doesn't exist
[20-Nov-2025 10:14:57 Europe/Berlin] api/save_job GET prepare failed: Table 'jobso.saved_jobs' doesn't exist
[20-Nov-2025 10:14:57 Europe/Berlin] api/save_job GET prepare failed: Table 'jobso.saved_jobs' doesn't exist
[20-Nov-2025 10:24:17 Europe/Berlin] api/save_job GET prepare failed: Table 'jobso.saved_jobs' doesn't exist
[20-Nov-2025 10:24:17 Europe/Berlin] api/save_job GET prepare failed: Table 'jobso.saved_jobs' doesn't exist
[20-Nov-2025 10:27:26 Europe/Berlin] api/save_job GET prepare failed: Table 'jobso.saved_jobs' doesn't exist
[20-Nov-2025 10:27:27 Europe/Berlin] api/save_job GET prepare failed: Table 'jobso.saved_jobs' doesn't exist
[20-Nov-2025 10:28:12 Europe/Berlin] api/save_job GET prepare failed: Table 'jobso.saved_jobs' doesn't exist
[20-Nov-2025 10:28:12 Europe/Berlin] api/save_job GET prepare failed: Table 'jobso.saved_jobs' doesn't exist
[20-Nov-2025 10:28:54 Europe/Berlin] api/save_job GET prepare failed: Table 'jobso.saved_jobs' doesn't exist
[20-Nov-2025 10:31:30 Europe/Berlin] api/save_job GET prepare failed: Table 'jobso.saved_jobs' doesn't exist
[20-Nov-2025 10:32:28 Europe/Berlin] api/save_job GET prepare failed: Table 'jobso.saved_jobs' doesn't exist
[20-Nov-2025 10:47:36 Europe/Berlin] api/save_job GET prepare failed: Table 'jobso.saved_jobs' doesn't exist
[20-Nov-2025 10:47:36 Europe/Berlin] api/save_job GET prepare failed: Table 'jobso.saved_jobs' doesn't exist
[20-Nov-2025 10:49:35 Europe/Berlin] api/save_job GET prepare failed: Table 'jobso.saved_jobs' doesn't exist
[20-Nov-2025 10:49:35 Europe/Berlin] api/save_job GET prepare failed: Table 'jobso.saved_jobs' doesn't exist
[20-Nov-2025 10:49:44 Europe/Berlin] api/save_job GET prepare failed: Table 'jobso.saved_jobs' doesn't exist
[20-Nov-2025 10:49:44 Europe/Berlin] api/save_job GET prepare failed: Table 'jobso.saved_jobs' doesn't exist
[20-Nov-2025 10:52:21 Europe/Berlin] api/save_job GET prepare failed: Table 'jobso.saved_jobs' doesn't exist
[20-Nov-2025 10:52:21 Europe/Berlin] api/save_job GET prepare failed: Table 'jobso.saved_jobs' doesn't exist
[20-Nov-2025 10:52:25 Europe/Berlin] api/save_job GET prepare failed: Table 'jobso.saved_jobs' doesn't exist
[20-Nov-2025 10:52:32 Europe/Berlin] api/save_job GET prepare failed: Table 'jobso.saved_jobs' doesn't exist
[20-Nov-2025 10:58:43 Europe/Berlin] api/save_job GET prepare failed: Table 'jobso.saved_jobs' doesn't exist
[20-Nov-2025 10:58:47 Europe/Berlin] api/save_job GET prepare failed: Table 'jobso.saved_jobs' doesn't exist
[20-Nov-2025 10:58:48 Europe/Berlin] api/save_job GET prepare failed: Table 'jobso.saved_jobs' doesn't exist
[20-Nov-2025 10:58:49 Europe/Berlin] api/save_job GET prepare failed: Table 'jobso.saved_jobs' doesn't exist
[20-Nov-2025 10:59:29 Europe/Berlin] api/save_job GET prepare failed: Table 'jobso.saved_jobs' doesn't exist
[20-Nov-2025 11:00:48 Europe/Berlin] api/save_job GET prepare failed: Table 'jobso.saved_jobs' doesn't exist
[20-Nov-2025 11:01:00 Europe/Berlin] api/save_job GET prepare failed: Table 'jobso.saved_jobs' doesn't exist
[20-Nov-2025 11:01:07 Europe/Berlin] api/save_job GET prepare failed: Table 'jobso.saved_jobs' doesn't exist
[20-Nov-2025 11:01:09 Europe/Berlin] api/save_job GET prepare failed: Table 'jobso.saved_jobs' doesn't exist
[20-Nov-2025 11:01:19 Europe/Berlin] api/save_job GET prepare failed: Table 'jobso.saved_jobs' doesn't exist
[20-Nov-2025 11:01:19 Europe/Berlin] api/save_job GET prepare failed: Table 'jobso.saved_jobs' doesn't exist
[20-Nov-2025 11:03:30 Europe/Berlin] api/save_job GET prepare failed: Table 'jobso.saved_jobs' doesn't exist
[20-Nov-2025 11:03:38 Europe/Berlin] api/save_job GET prepare failed: Table 'jobso.saved_jobs' doesn't exist
[20-Nov-2025 11:03:38 Europe/Berlin] api/save_job GET prepare failed: Table 'jobso.saved_jobs' doesn't exist
[20-Nov-2025 11:03:57 Europe/Berlin] api/save_job GET prepare failed: Table 'jobso.saved_jobs' doesn't exist
[20-Nov-2025 11:05:55 Europe/Berlin] api/save_job GET prepare failed: Table 'jobso.saved_jobs' doesn't exist
[20-Nov-2025 11:05:55 Europe/Berlin] api/save_job GET prepare failed: Table 'jobso.saved_jobs' doesn't exist
[20-Nov-2025 11:44:46 Europe/Berlin] api/save_job GET prepare failed: Table 'jobso.saved_jobs' doesn't exist
